Resource Usage Report
Part: lfmxo5_25-9

Register bits: 5626 of 23040 (24%)
PIC Latch:       0
I/O cells:       17

Details:
BB:             12
BB_I3C_A:       4
BFD1P3KX:       12
CCU2:           759
DCC:            1
DP16K:          32
DPR16X4:        128
FD1P3BX:        187
FD1P3DX:        3729
FD1P3IX:        1683
FD1P3JX:        27
GSR:            1
IB:             2
INV:            157
JTAGH19:        2
LUT4:           8677
MULT18X18:      2
MULT18X36:      2
OB:             3
OSCA:           1
PDP16K:         31
PDPSC16K:       2
PLL:            1
VHI:            208
VLO:            208
WIDEFN9:        379

Resource Usage inside macros:
Registers: 0
LUTs: 0
EBRs: 0
LRAMs: 0
DSPs: 0
Distributed RAMs: 0
Carry Chains: 0
Blackboxes: 0

Mapping Summary:
Total number of registers: 5626 + 0 = 5626 of 23040 (24.42%)
Total number of LUTs: 8677 + 0 = 8677 
Total number of EBRs: 65 + 0 = 65 of 80 (81.25%)
Total number of LRAMs: 0 + 0 = 0 of 0 (0.00%)
Total number of DSPs: 4 + 0 = 4 of 20 (20.00%)
Total number of Distributed RAMs: 128 + 0 = 128 
Total number of Carry Chains: 759 + 0 = 759 
Total number of BlackBoxes: 426 + 0 = 426 
