

@S |Clock Optimization Summary



#### START OF PREMAP CLOCK OPTIMIZATION REPORT #####[

4 non-gated/non-generated clock tree(s) driving 822 clock pin(s) of sequential element(s)
14 gated/generated clock tree(s) driving 5294 clock pin(s) of sequential element(s)
0 instances converted, 5294 sequential instances remain driven by gated/generated clocks

========================================================= Non-Gated/Non-Generated Clocks ==========================================================
Clock Tree ID     Driving Element                                                                 Drive Element Type     Fanout     Sample Instance
---------------------------------------------------------------------------------------------------------------------------------------------------
@KP:ckid0_0       reveal_jtaghub_inst.JTCK                                                        JTAGH19                514        ENCRYPTED      
@KP:ckid0_156     ENCRYPTED                                                                       JTAGH19                9          ENCRYPTED      
@KP:ckid0_162     i3c_s_inst.lscc_i3c_target_inst.\\gen_en_io_prim\.gen_prim\.u_i3c_scl.PADDI     BB_I3C_A               284        ENCRYPTED      
@KP:ckid0_169     i3c_s_inst.lscc_i3c_target_inst.\\gen_en_io_prim\.gen_prim\.u_i3c_sda.PADDI     BB_I3C_A               15         ENCRYPTED      
===================================================================================================================================================
=========================================================================== Gated/Generated Clocks ============================================================================
Clock Tree ID     Driving Element                                              Drive Element Type     Unconverted Fanout     Sample Instance     Explanation                   
-------------------------------------------------------------------------------------------------------------------------------------------------------------------------------
@KP:ckid0_131     pll0_inst.lscc_pll_inst.\\gen_no_refclk_mon\.u_PLL.CLKOP     PLL                    3458                   ENCRYPTED           Clock Optimization not enabled
@KP:ckid0_152     pll0_inst.lscc_pll_inst.\\gen_no_refclk_mon\.u_PLL.CLKOS     PLL                    929                    ENCRYPTED           Clock Optimization not enabled
@KP:ckid0_155     ENCRYPTED                                                    DCC                    83                     ENCRYPTED           Clock Optimization not enabled
@KP:ckid0_158     ENCRYPTED                                                    port                   53                     ENCRYPTED           Clock Optimization not enabled
@KP:ckid0_161     ENCRYPTED                                                    port                   45                     ENCRYPTED           Clock Optimization not enabled
@KP:ckid0_165     ENCRYPTED                                                    port                   53                     ENCRYPTED           Clock Optimization not enabled
@KP:ckid0_168     ENCRYPTED                                                    port                   45                     ENCRYPTED           Clock Optimization not enabled
@KP:ckid0_172     ENCRYPTED                                                    port                   429                    ENCRYPTED           Clock Optimization not enabled
@KP:ckid0_174     ENCRYPTED                                                    port                   43                     ENCRYPTED           Clock Optimization not enabled
@KP:ckid0_177     ENCRYPTED                                                    port                   45                     ENCRYPTED           Clock Optimization not enabled
@KP:ckid0_179     ENCRYPTED                                                    port                   22                     ENCRYPTED           Clock Optimization not enabled
@KP:ckid0_181     ENCRYPTED                                                    port                   43                     ENCRYPTED           Clock Optimization not enabled
@KP:ckid0_184     ENCRYPTED                                                    port                   45                     ENCRYPTED           Clock Optimization not enabled
@KP:ckid0_185     ENCRYPTED                                                    port                   1                      ENCRYPTED           Clock Optimization not enabled
===============================================================================================================================================================================


##### END OF CLOCK OPTIMIZATION REPORT ######


Summary of user generated gated clocks:
0 user generated gated/generated clock tree(s) driving 0 clock pin(s) of sequential element(s)

